[    0.000000] Inializing cgroup subsys cpuset
[    0.000000] Initializing cgroup subsys cpu
[    0.00000] Initializing cgroup subsys cpuact
     0.000000] Linux version 4.4.0-134-generic (buildd@lgw01-amd64-033) (gcc version 5.4.0 2016609 (Ubuntu 5.4.0-6ubuntu1~1604.10) ) #160-Ubuntu SMP Wed Aug 15 14:8:00 UTC 2018 (Ubuntu 4.4.0-134.160-generic 4.4.140)
[    0.00000] Command line: BOOT_IMGE=/boot/vmlinuz--4.4.0-134-generic root=LABEL=cloudimg-rootfs ro console=tty1 console=ttyS0
[    0.000000] KERNEL supported cpus:
[    0.000000]   Intel GenuneIntel
[    0.000000]   AMD AuhenticAM
[    0.000000]  Centaur CentaurHuls
[    0.00000] x86/fpu: xstate_offset[2]:  576, xstate_sizes[2]:  256
[    0.000000 x86/fpu: Supporting XSAVE feature 0x01: 'x87 floating pointregisters'
[    0.00000] x86/fpu: Supporting XSAVE feature 0x02: 'SSE registers'
[    0.000000] x86/fpu: Supporting XSAVE feature 0x04: 'AVX registers'
[    0.000000] x86/fpu: Enabled xstate featres 0x7, context sze is 832 bytes, usng 'standard' format.
[    0.000000] e820: BIOS-provided physicalRAM map:
[    0.000000] BIO-e820:[mem 0x0000000000000000-0000000000009fbff] usabl
[    0.000000] BIOS-e820: [mem 0x000000000009fc00-0x000000000009ffff]reserved
[    0.000000] BIOS-e820: [mem 0x00000000000f0000-0x00000000000fffff] reserved
[   0.00000] BIOS-e820: [mem 0x000000001100000-0x000000003ffeffff] usable
[    .000000]BIOS-e820: [mem 0x000000003fff0000-0x000000003fffffff ACPI data
[    0.000000] BIOS-e820: [mem 0x00000000fec00000-0x00000000fec00fff] reserved
[    0.000000] BIOS-e820: [mem 0x00000000fee00000-0x00000000fee00fff] reserved
[    0.000000] BIOS-e82: [mem x00000000fffc0000-0x00000000ffffffff] reserved
[    0.000000] NX (Execute Disable) protection: active
[    0.000000] SMBIOS 2.5 present.
[    0.000000] Hypervisor detected: KVM
[    0.000000] e820: last_pfn = 0x3fff0 max_arch_pfn = 0x400000000
[    0.000000] MTRR: Disabled
[    0.000000] x86/PAT: MTRRs disabled, skipping PAT initialization too.
[    0.000000] CPU MTRRs all blak - virtualized system.
[    0.000000] x86/PAT: Configuration [0-7]: WB  WT  UC- UC  WB  WT  UC- UC  
[    0.000000] found SMP MP-table at [mem 0x0009fff0-0x0009ffff] mapped at [ffff88000009fff0]
[    0.000000] Scanning 1 areas for low memory corruption
[    0.000000] RAMDISK: [mem 0x3630c000-0x3717dfff]
[    0.000000] ACPI: Early table checksum verification disabled
[    0.000000] ACPI: RSDP 0x00000000000E0000 000024 (v02 VBOX  )
[    0.000000] ACPI: XSDT 0x000000003FFF0030 00003C (v01 VBOX   VBOXXSDT 00000001 ASL  00000061)
[    0.000000] ACPI: FACP 0x000000003FFF00F0 0000F4 (v04 VBOX   VBOXFACP 00000001 ASL  00000061)
[    0.000000] ACPI: DSDT 0x000000003FFF0470 0021FF (v02 VBOX   VBOXBIOS 00000002 INTL 20100528)
[    0.000000] ACPI: FACS 0x000000003FFF0200 000040
[    0.000000] ACPI: FACS 0x000000003FFF0200 000040
[    0.000000] ACPI: APIC 0x000000003FFF0240 00005C (v02 VBOX   VBOXAPIC 00000001 ASL  00000061)
[    0.000000] ACPI: SSDT 0x000000003FFF02A0 0001CC (v01 VBOX   VBOXCPUT 00000002 INTL 20100528)
[     0.000000] No NUMA configuration found
[    0.000000] Faking a node at [mem 0x0000000000000000-0x000000003ffeffff]
[    0.000000] NODE_DATA(0) allocated [mem 0x3ffeb000-0x3ffeffff]
[    0.000000] kvm-clock: Using msrs 4b564d01 and 4b564d00
[    0.000000] kvm-clock: cpu 0, msr 0:3ffe3001, primary cpu clock
[    0.000000] kvm-clock: using sched offset of 4837681718 cycles
[    0.000000] clocksource: kvm-clock: mask: 0xffffffffffffffff max_cycles: 0x1cd42e4dffb, max_idle_ns: 881590591483 ns
[    0.000000] Zone ranges:
[    0.000000]   DMA      [mem 0x0000000000001000-0x0000000000ffffff]
[    0.000000]   DMA32    [mem 0x0000000001000000-0x000000003ffeffff]
[    0.000000]   Normal   empty
[    0.000000]   Device   empty
[    0.000000] Movable zone start for each node
[    0.000000] Early memory node ranges
[    0.000000]   node   0: [mem 0x0000000000001000-0x000000000009efff]
[    0.000000]   node   0: [mem 0x0000000000100000-0x000000003ffeffff]
[    0.000000] Initmem setup node 0 [mem 0x000000000001000-0x000000003ffeffff]
[    0.000000] ACPI: PM-Timr IO Port: 0x4008
[    0.000000] IOAPIC[0]: apic_id 2, version 32, address 0xfec00000, GSI 0-23[    0.000000] ACPI: INT_SRC_OVR (bus 0 bus_irq 0 global_irq 2 dfl dfl)
[    0.000000] ACPI: INT_SRC_OVR (bus 0 bus_irq 9 global_irq 9 low level)
[    0.000000] Using ACPI (MADT) for SMP configuration informationn
[    0.000000] smpboot: Allowing 2 CPUs, 0 hotplug CPUs
[    0.000000] PM: Registered nosave memory: [mem 0x00000000-0x00000fff]
[    0.000000] PM: Registered nosave memory: [mem 0x0009f000-0x0009ffff]
[    0.000000] PM: Registered osave memory: [mem 0x000a0000-0x000effff]
[    0.000000] PM: Registered nosave memory: [mem 0x000f0000-0x000fffff]
[    0.000000] e820: [mem 0x40000000-0xfebfffff] available for PCI devices
[    0.000000] Booting paravirtualized kernel on KVM
[    0.000000] clocksource: refined-jiffies: mask: 0xffffffff max_cycles: 0xffffffff, max_idle_ns: 7645519600211568 ns
[    0.000000] setup_percpu: NR_CPUS:512 nr_cpumask_bits:512 nr_cpu_ids:2 nr_node_ids:1
[    0.000000] PERCPU: Embedded 34 pages/cpu @ffff88003fc00000 s99544 r8192d31528 u1048576
[    0.00000] PVqspinlock hash table entries: 256 (order: 0, 4096 bytes)
[    0.000000] Built 1 zonelists in Node order,mobility grouping on.  Total pages: 257912
[    0.000000] Policy zone: DMA32
[    0.000000] Kernel command line: BOOT_IMAGE=/boot/vmlinuz-4.4.0-134-generic root=LABEL=cloudimg-rootfs ro console=tty1 console=ttyS0
[    0.000000] PID hash table entries: 4096 (order: 3, 32768 bytes)
[    0.000000] Memory: 997724K/1048120K available (8554K kernel code, 1314K rwdata, 4004K rodata, 1516K init, 1316K bss, 50396K reserved, 0K cma-reserved)
[    0.000000] SLUB: Walign=4, rder=0-3, MinObjects=0, CPUs=, Nodes=1
[    0.000000 Kerel/User pagetables isolation: enabled
[    0.000000] Hierarchical RCU impemenation.
[    0.000000] 	Build-time adjustment of leaffanout to 64.
[    0.00000] 	RCU restricting CPUs from NR_CPUS=51 to nr_cpu_ids=2.
[    0.000000] RCU: Adjustin geometry for rcu_fanout_lef=64, nr_cpu_ids=2
[    0.000000] NR_IRQS:33024 nr_irqs:440 16
[    0.00000] Console: colour VGA+ 80x25
[    0.00000] console tty1] enabled
    0.000000] console [ttyS0] enabled
[    0.000000] tsc: Detected 1799.999 MHz processor
[    1.510514] Calibrating delay loop (skipped) preset value.. 3599.99 BogoMIPS (lpj=7199996)
[    1.539069] pid_max: default: 32768 minimum: 301
[    1.541198] ACPI: Core revision 20150930
[    1.546374] ACPI: 2 ACPI AML tables successfully acquired and loaded
[    1.558993] Security Framework initialized
[    1.570111] Yama: becoming mindful.
[    1.586805] AppArmor: AppArmor initialized
[    1.591679] Dentry cache hash table entries: 131072 (order: 8, 1048576 bytes)
[    1.596863] Inode-cache hash table entries: 65536 (order: 7, 524288 bytes)
[    1.606475] Mount-cache hash table entries: 2048 (order: 2, 16384 bytes)
[    1.609866] Mountpoint-cache hash table entries: 2048 (order: 2, 16384 bytes)
[    1.612940] Initializing cgroup subsys io
[    1.622047] Initializing cgroup subsys memory
[    1.628291] Initializing cgroup subsys devices
[    1.648296] Initializing cgroup subsys freezer
[    1.658211] Initializing cgroup subsys net_cls
[    1.662642] Initializing cgroup subsys perf_event
[    1.664554] Initializing cgroup subsys net_prio
[    1.668528] Initializing cgroup subsys hugetlb
[    1.681675] Initializing cgroup subsys pids
[    1.690497] mce: CPU supports 0 MCE banks
[    1.708335] Last level iTLB entries: 4KB 64, 2MB 8, 4MB 8
[    1.718560] Last level dTLB entries: 4KB 64, 2MB 0, 4MB 0, 1GB 4
[    1.728930] Spectre V2 : Mitigation: Full generic retpoline
[    1.754653] Spectre V2 : Speculation control IBPB not-supported IBRS not-supported
[    1.768408] Speculative Store Bypass: Vulnerable
[    1.789435] Freeing SMP alternatives memory: 32K
[    1.817644] ftrace: allocating 32266 entries in 127 pages
[    1.888577] smpboot: APIC(0) Converting physical 0 to logical package 0
[    1.908068] smpboot: Max logical packages: 1
[    1.922586] x2apic enabled
[    1.928003] Switched APIC routing to physical x2apic.
[    1.947284] ..TIMER: vector=0x30 apic1=0 pin1=2 apic2=-1 pin2=-1
[    2.061620] smpboot: CPU0: Intel(R) Core(TM) i5-5350U CPU @ 1.80GHz (family: 0x6, model: 0x3d, stepping: 0x4)
[    2.070738] Performance Events: unsupported p6 CPU model 61 no PMU driver, software events only.
[    2.074132] KVM setup paravirtual spinlock
[    2.076592] x86: Booting SMP configuration:
[    2.078651] .... node  #0, CPUs:      #1
[    2.080423] kvm-clock: cpu 1, msr 0:3ffe3041, secondary cpu clock
[    2.091684] mce: CPU supports 0 MCE banks
[    2.095093] x86: Booted up 1 node, 2 CPUs
[    2.097035] smpboot: Total of 2 processors activated (7199.99 BogoMIPS)
[    2.100573] devtmpfs: initialized
[    2.103910] evm: security.selinux
[    2.111412] evm: security.SMACK64
[    2.113910] evm: security.SMACK64EXEC
[    2.118244] evm: security.SMACK64TRANSMUTE
[    2.121251] evm: security.SMACK64MMAP
[    2.125060] evm: security.ima
[    2.127259] evm: security.capability
[    2.130450] clocksource: jiffies: mask: 0xffffffff max_cycles: 0xffffffff, max_idle_ns: 7645041785100000 ns
[    2.136936] futex hash table entries: 512 (order: 3, 32768 bytes)
[    2.142036] pinctrl core: initialized pinctrl subsystem
[    2.145524] RTC time: 10:59:37, date: 09/14/18
[    2.150269] NET: Registered protocol family 16
[    2.165307] cpuidle: using governor ladder
[    2.177472] cpuidle: using governor menu
[    2.185995] PCCT header not found.
[    2.188526] ACPI: bus type PCI registered
[    2.191678] acpiphp: ACPI Hot Plug PCI Controller Driver version: 0.5
[    2.203319] PCI: Using configuration type 1 for base access
[    2.228476] ACPI: Added _OSI(Module Device)
[    2.231121] ACPI: Added _OSI(Processor Device)
[    2.239284] ACPI: Added _OSI(3.0 _SCP Extensions)
[    2.247778] ACPI: Added _OSI(Processor Aggregator Device)
[    2.260579] ACPI: Executed 1 blocks of module-level executable AML code
[    2.270106] ACPI: Interpreter enabled
[    2.271496] ACPI: (supports S0 S5)
[    2.278665] ACPI: Using IOAPIC for interrupt routing
[    2.286337] PCI: Using host bridge windows from ACPI; if necessary, use "pci=nocrs" and report a bug
[    2.300501] ACPI: PCI Root Bridge [PCI0] (domain 0000 [bus 00-ff])
[    2.308488] acpi PNP0A03:00: _OSC: OS supports [ASPM ClockPM Segments MSI]
[    2.311803] acpi PNP0A03:00: _OSC: not requesting OS control; OS requires [ExtendedConfig ASPM ClockPM MSI]
[    2.328807] acpi PNP0A03:00: fail to add MMCONFIG information, can't access extended PCI configuration space under this bridge.
[    2.350978] PCI host bridge to bus 0000:00
[    2.361923] pci_bus 0000:00: root bus resource [io  0x0000-0x0cf7 window]
[    2.371721] pci_bus 0000:00: root bus resource [io  0x0d00-0xffff window]
[    2.381989] pci_bus 0000:00: root bus resource [mem 0x000a0000-0x000bffff window]
[    2.385758] pci_bus 0000:00: root bus resource [mem 0x40000000-0xfdffffff window]
[    2.390576] pci_bus 0000:00: root bus resource [bus 00-ff]
[    2.402601] pci 0000:00:01.1: legacy IDE quirk: reg 0x10: [io  0x01f0-0x01f7]
[    2.407822] pci 0000:00:01.1: legacy IDE quirk: reg 0x14: [io  0x03f6]
[    2.417570] pci 0000:00:01.1: legacy IDE quirk: reg 0x18: [io  0x0170-0x0177]
[    2.429813] pci 0000:00:01.1: legacy IDE quirk: reg 0x1c: [io  0x0376]
[    2.456899] pci 0000:00:07.0: quirk: [io  0x4000-0x403f] claimed by PIIX4 ACPI
[    2.471665] pci 0000:00:07.0: quirk: [io  0x4100-0x410f] claimed by PIIX4 SMB
[    2.494563] ACPI: PCI Interrupt Link [LNKA] (IRQs 5 9 10 *11)
[    2.500172] ACPI: PCI Interrupt Link [LNKB] (IRQs 5 9 *10 11)
[    2.508483] ACPI: PCI Interrupt Link [LNKC] (IRQs 5 *9 10 11)
[    2.514352] ACPI: PCI Interrupt Link [LNKD] (IRQs 5 9 10 *11)
[    2.524274] ACPI: Enabled 2 GPEs in block 00 to 07
[    2.531278] vgaarb: setting as boot device: PCI:0000:00:02.0
[    2.536773] vgaarb: device added: PCI:0000:00:02.0,decodes=io+mem,owns=io+mem,locks=none
[    2.546253] vgaarb: loaded
[    2.550464] vgaarb: bridge control possible 0000:00:02.0
[    2.557767] SCSI subsystem initialized
[    2.568459] ACPI: bus type USB registered
[    2.570029] usbcore: registered new interface driver usbfs
[    2.572760] usbcore: registered new interface driver hub
[    2.577286] usbcore: registered new device driver usb
[    2.585473] PCI: Using ACPI for IRQ routing
[    2.589403] NetLabel: Initializing
[    2.590694] NetLabel:  domain hash size = 128
[    2.592272] NetLabel:  protocols = UNLABELED CIPSOv4
[    2.602619] NetLabel:  unlabeled traffic allowed by default
[    2.606347] amd_nb: Cannot enumerate AMD northbridges
[    2.608793] clocksource: Switched to clocksource kvm-clock
[    2.628243] AppArmor: AppArmor Flesystem Enabled
[    2.654025]pnp: PnP ACPI init
[    2.680401]pnp: PnPACPI: found 3 devices

[    2.742257] clockource acpi_pm mask: 0xffffff max_cycles: 0xffffff, max_idle_n: 208570104 ns
    2.863964] NET: Registered protocol famly 2

[    2.913593] TCP stablished hash table enties: 8192 (order: 4, 65536 bytes)

[    2.977976] TCP bind hash table entries: 8192 (order: 5, 131072 bytes)
[    2.983141] TCP: Hash tables configured (established 8192 bind 8192)
[    2.985843] UDP hash table entries: 512 (order: 2, 16384 bytes)
[    2.988161] UDP-Lite hash table entries: 512 (order: 2, 16384 bytes)
[    2.990160] NET: Registered protocol family 1
[    2.991564] pci 0000:00:00.0: Limiting direct PCI/PCI transfers
[    2.993394] pci 0000:00:01.0: Activating ISA DMA hang workarounds
[    2.995424] Unpacking initramfs...
[    3.240384] Freeing initrd memory: 14792K
[    3.242526] RAPL PMU detected, API unit is 2^-32 Joules, 4 fixed counters 10737418240 ms ovfl timer
[    3.245813] hw unit of domain pp0-core 2^-0 Joules
[    3.248738] hw unit of domain package 2^-0 Joules
[    3.261670] hw unit of domain dram 2^-0 Joules
[    3.265770] hw unit of domain pp1-gpu 2^-0 Joules
[    3.270212] platform rtc_cmos: registered platform RTC device (no PNP device found)
[    3.282404] Scanning for low memory corruption every 60 seconds
[    3.288019] audit: initializing netlink subsys (disabled)
[    3.303772] audit: type=2000 audit(1536922782.980:1): initialized
[    3.311056] Initialise system trusted keyring
[    3.315767] HugeTLB registered 2 MB page size, pre-allocated 0 pages
[    3.327103] zbud: loaded
[    3.331488] VFS: Disk quotas dquot_6.6.0
[    3.334159] VFS: Dquot-cache hash table entries: 512 (order 0, 4096 bytes)
[    3.344131] squashfs: version 4.0 (2009/01/31) Phillip Lougher
[    3.350084] fuse init (API version 7.23)
[    3.365322] Key type big_key registered
[    3.369460] Allocating IMA MOK and blacklist keyrings.
[    3.391497] Key type asymmetric registered
[    3.392852] Asymmetric key parser 'x509' registered
[    3.394492] Block layer SCSI generic (bsg) driver version 0.4 loaded (major 249)
[    3.397057] io scheduler noop registered
[    3.398362] io scheduler deadline registered (default)
[    3.408682] io scheduler cfq registered
[    3.414386] pci_hotplug: PCI Hot Plug PCI Core version: 0.5
[    3.428397] pciehp: PCI Express Hot Plug Controller Driver version: 0.4
[    3.438846] ACPI: AC Adapter [AC] (off-line)
[    3.446253] input: Power Button as /devices/LNXSYSTM:00/LNXPWRBN:00/input/input0
[    3.456512] ACPI: Power Button [PWRF]
[    3.458612] input: Sleep Button as /devices/LNXSYSTM:00/LNXSLPBN:00/input/input1
[    3.468131] ACPI: Sleep Button [SLPF]
[    3.471342] ACPI: Battery Slot [BAT0] (battery present)
[    3.473705] GHES: HEST is not enabled!
[    3.481851] Serial: 8250/16550 driver, 32 ports, IRQ sharing enabled
[    3.514042] 00:02: ttyS0 at I/O 0x3f8 (irq = 4, base_baud = 115200) is a 16550A
[    3.517615] Linux agpgart interface v0.103
[    3.524881] loop: module loaded
[    3.529982] scsi host0: ata_piix
[    3.539112] scsi host1: ata_piix
[    3.551977] ata1: PATA max UDMA/33 cmd 0x1f0 ctl 0x3f6 bmdma 0xd000 irq 14
[    3.562661] ata2: PATA max UDMA/33 cmd 0x170 ctl 0x376 bmdma 0xd008 irq 15
[    3.589214] libphy: Fixed MDIO Bus: probed
[    3.598246] tun: Universal TUN/TAP device driver, 1.6
[    3.602763] tun: (C) 1999-2004 Max Krasnyansky <maxk@qualcomm.com>
[    3.619177] PPP generic driver version 2.4.2
[    3.639161] ehci_hcd: USB 2.0 'Enhanced' Host Controller (EHCI) Driver
[    3.642645] ehci-pci: EHCI PCI platform driver
[    3.644488] ehci-platform: EHCI generic platform driver
[    3.652433] ohci_hcd: USB 1.1 'Open' Host Controller (OHCI) Driver
[    3.662208] ohci-pci: OHCI PCI platform driver
[    3.663948] ohci-platform: OHCI generic platform driver
[    3.668677] uhci_hcd: USB Universal Host Controller Interface driver
[    3.679424] i8042: PNP: PS/2 Controller [PNP0303:PS2K,PNP0f03:PS2M] at 0x60,0x64 irq 1,12
[    3.690412] serio: i8042 KBD port at 0x60,0x64 irq 1
[    3.704572] serio: i8042 AUX port at 0x60,0x64 irq 12
[    3.718095] mousedev: PS/2 mouse device common for all mice
[    3.738880] rtc_cmos rtc_cmos: rtc core: registered rtc_cmos as rtc0
[    3.783150] input: AT Translated Set 2 keyboard as /devices/platform/i8042/serio0/input/input2
[    3.795773] rtc_cmos rtc_cmos: alarms up to one day, 114 bytes nvram
[    3.804539] i2c /dev entries driver
[    3.807225] device-mapper: uevent: version 1.0.3
[    3.818534] device-mapper: ioctl: 4.34.0-ioctl (2015-10-28) initialised: dm-devel@redhat.com
[    3.824478] ledtrig-cpu: registered to indicate activity on CPUs
[    3.834864] NET: Registered protocol family 10
[    3.849962] NET: Registered protocol family 17
[    3.854423] Key type dns_resolver registered
[    3.857081] registered taskstats version 1
[    3.858874] Loading compiled-in X.509 certificates
[    3.863317] Loaded X.509 cert 'Build time autogenerated kernel key: 4eb3d024ac16f76c1747ffd474694c84db21038b'
[    3.874386] zswap: loaded using ool lzo/zbud

[    3.904621] Key type trusted registered
[    3.912833] Key type encrypted registered
[    3.918787] AppArmor: AppArmor sha1 policy hashing enabled
[    3.928260] ima: No TPM chip found, activating TPM-bypass!
[    3.945770] ima: Allocated hash algorithm: sha1
[    3.947513] evm: HMAC attrs: 0x1
[    3.950986]   Magic number: 2:572:982
[    3.965603] rtc_cmos rtc_cmos: setting system clock to 2018-09-14 10:59:39 UTC (1536922779)
[    3.983254] BIOS EDD facility v0.16 2004-Jun-25, 0 devics found
[    4.012785] DD information not availble.

[    4.063632] Freeing unused kernel memory: 1516K
[    4.098299] Write protecting the kernel read-only data: 14336k
[    4.169237] Freeing unused kernel memory: 1672K
[    4.188415] Freeing unused kernel memory: 92K
[    4.269252] tsc: Refined TSC clocksource calibration: 1799.001 MHz
[    4.269256] clocksource: tsc: mask: 0xffffffffffffffff max_cycles: 0x19ee79f7fd8, max_idle_ns: 440795260497 ns
Loading, please wait...
starting version 229
[    5.282943] random: systemd-udevd: uninitialized urandom read (16 bytes read, 7 bits of entropy available)
[    5.283017] random: udevadm: uninitialized urandom read (16 bytes read, 7 bits of entropy available)
[    5.283038] random: udevadm: uninitialized urandom read (16 bytes read, 7 bits of entropy available)
[    5.291536] random: udevadm: uninitialized urandom read (16 bytes read, 7 bits of entropy available)
[    5.291599] random: udevadm: uninitialized urandom read (16 bytes read, 7 bits of entropy available)
[    5.291794] random: udevadm: uninitialized urandom read (16 bytes read, 7 bits of entropy available)
[    5.291863] random: udevadm: uninitialized urandom read (16 bytes read, 7 bits of entropy available)
[    5.291929] random: udevadm: uninitialized urandom read (16 bytes read, 7 bits of entropy available)
[    5.292002] random: udevadm: uninitialized urandom read (16 bytes read, 7 bits of entropy available)
[    5.292078] random: udevadm: uninitialized urandom read (16 bytes read, 7 bits of entropy available)
[    5.450350] Fusion MPT base driver 3.04.20
[    5.451833] Copyright (c) 1999-2008 LSI Corporation
[    5.454620] e1000: Intel(R) PRO/1000 Network Driver - version 7.3.21-k8-NAPI
[    5.457499] e1000: Copyright (c) 1999-2006 Intel Corporation.
[    5.464163] Fusion MPT SPI Host driver 3.04.20
[    5.473684] AVX2 version of gcm_enc/dec engaged.
[    5.475538] AES CTR mode by8 optimization enabled
[    5.658252] input: ImExPS/2 Generic Explorer Mouse as /devices/platform/i8042/serio1/input/input4
[    5.911472] e1000 0000:00:03.0 eth0: (PCI:33MHz:32-bit) 02:1d:76:b3:3c:fe
[    5.921909] e1000 0000:00:03.0 eth0: Intel(R) PRO/1000 Network Connection
[    5.942063] mptbase: ioc0: Initiating bringup
[    6.017476] ioc0: LSI53C1030 A0: Capabilities={Initiator}
[    6.187781] scsi host2: ioc0: LSI53C1030 A0, FwRev=00000000h, Ports=1, MaxQ=256, IRQ=20
[    6.329746] scsi 2:0:0:0: Direct-Access     VBOX     HARDDISK         1.0  PQ: 0 ANSI: 5
[    6.336019] scsi target2:0:0: Beginning Domain Validation
[    6.348156] scsi target2:0:0: Domain Validation skipping write tests
[    6.359355] scsi target2:0:0: Ending Domain Validation
[    6.366809] scsi target2:0:0: asynchronous
[    6.373035] scsi 2:0:1:0: Direct-Access     VBOX     HARDDISK         1.0  PQ: 0 ANSI: 5
[    6.387805] scsi target2:0:1: Beginning Domain Validation
[    6.391207] scsi target2:0:1: Domain Validation skipping write tests
[    6.393838] scsi target2:0:1: Ending Domain Validation
[    6.396083] scsi target2:0:1: asynchronous
[    6.413758] sd 2:0:0:0: Attached scsi generic sg0 type 0
[    6.416493] sd 2:0:1:0: Attached scsi generic sg1 type 0
[    6.419133] sd 2:0:1:0: [sdb] 20480 512-byte logical blocks: (10.5 MB/10.0 MiB)
[    6.421950] sd 2:0:0:0: [sda] 20971520 512-byte logical blocks: (10.7 GB/10.0 GiB)
[    6.425256] sd 2:0:1:0: [sdb] Write Protect is off
[    6.427414] sd 2:0:1:0: [sdb] Incomplete mode parameter data
[    6.429833] sd 2:0:1:0: [sdb] Assuming drive cache: write through
[    6.432518] sd 2:0:0:0: [sda] Write Protect is off
[    6.435017] sd 2:0:0:0: [sda] Incomplete mode parameter data
[    6.437444] sd 2:0:0:0: [sda] Assuming drive cache: write through
[    6.442964] sd 2:0:1:0: [sdb] Attached SCSI disk
[    6.445103]  sda: sda1
[    6.447653] sd 2:0:0:0: [sda] Attached SCSI disk
[    6.790432] e1000 0000:00:08.0 eth1: (PCI:33MHz:32-bit) 08:00:27:e2:e8:2b
[    6.799671] e1000 0000:00:08.0 eth1: Intel(R) PRO/1000 Network Connection
[    6.816092] e1000 0000:00:08.0 enp0s8: renamed from eth1
[    6.829230] e1000 0000:00:03.0 enp0s3: renamed from eth0
Begin: Loading essential drivers ... [    8.187328] md: linear personality registered for level -1
[    8.192507] md: multipath personality registered for level -4
[    8.197934] md: raid0 personality registered for level 0
[    8.203513] md: raid1 personality registered for level 1
[    8.278013] raid6: sse2x1   gen()  9041 MB/s
[    8.347698] raid6: sse2x1   xor()  6881 MB/s
[    8.425993] raid6: sse2x2   gen() 11182 MB/s
[    8.505010] raid6: sse2x2   xor()  7196 MB/s
[    8.580839] raid6: sse2x4   gen() 12627 MB/s
[    8.653161] raid6: sse2x4   xor()  9031 MB/s
[    8.724990] raid6: avx2x1   gen() 17133 MB/s
[    8.796815] raid6: avx2x2   gen() 19724 MB/s
[    8.868861] raid6: avx2x4   gen() 22407 MB/s
[    8.895925] raid6: using algorithm avx2x4 gen() 22407 MB/s
[    8.898309] raid6: using avx2x2 recovery algorithm
[    8.901861] xor: automatically using best checksumming function:
[    8.940882]    avx       : 34224.000 MB/sec
[    8.947001] async_tx: api initialized (async)
[    8.967001] md: raid6 personality registered for level 6
[    8.978821] md: raid5 personality registered for level 5
[    8.983194] md: raid4 personality registered for level 4
[    8.999722] md: raid10 personality registered for level 10
done.
Begin: Running /scripts/init-premount ... done.
Begin: Mounting root file system ... Begin: Running /scripts/local-top ... done.
Begin: Running /scripts/local-premount ... [    9.052394] Btrfs loaded
Scanning for Btrfs filesystems
done.
Warning: fsck not present, so skipping root file[    9.110151] EXT4-fs (sda1): mounted filesystem with ordered data mode. Opts: (null)
 system
done.
Begin: Running /scripts/local-bottom ... done.
Begin: Running /scripts/init-bottom ... done.
[    9.364352] systemd[1]: systemd 229 running in system mode. (+PAM +AUDIT +SELINUX +IMA +APPARMOR +SMACK +SYSVINIT +UTMP +LIBCRYPTSETUP +GCRYPT +GNUTLS +ACL +XZ -LZ4 +SECCOMP +BLKID +ELFUTILS +KMOD -IDN)
[    9.382131] systemd[1]: Detected virtualization oracle.
[    9.386265] systemd[1]: Detected architecture x86-64.

Welcome to [1mUbuntu 16.04.5 LTS[0m!

[    9.411269] systemd[1]: Set hostname to <ubuntu>.
[    9.422450] systemd[1]: Initializing machine ID from random generator.
[    9.428750] systemd[1]: Installed transient /etc/machine-id file.
[    9.834229] systemd[1]: Listening on Syslog Socket.
[[0;32m  OK  [0m] Listening on Syslog Socket.
[    9.846921] systemd[1]: Listening on Journal Audit Socket.
[[0;32m  OK  [0m] Listening on Journal Audit Socket.
[    9.864873] systemd[1]: Listening on LVM2 poll daemon socket.
[[0;32m  OK  [0m] Listening on LVM2 poll daemon socket.
[    9.885762] systemd[1]: Listening on udev Kernel Socket.
[[0;32m  OK  [0m] Listening on udev Kernel Socket.
[    .909375] sstemd[1]: Reached targt Swap.

[[0;32m  OK  [0m] Reached target Swap.
[   10.002379] systemd[1]: Reached targt System Time Synchronized.
[ [0;32m  OK  [0m] Reached target System Time Synchronized.
[   10.149416] systemd[1]: Listening on LVMmetadata daemon socket.
[[0;32m  OK  [0m] Listening on LVM2 metadata daemon socket.
[   10.289129] systemd[1]: Created slice User and Session Slice.
[[0;32m  OK  [0m] Created slice User and Session Slice.
[   10.322137] systemd[1]: Reached target Encrypted Volumes.
[[0;32m  OK  [0m] Reached target Encrypted Volumes.
[   10.337495] systemd[1]: Reached target User and Group Name Lookups.
[[0;32m  OK  [0m] Reached target User and Group Name Lookups.
[   10.346845] systemd[1]: Set up automount Arbitrary Executable File Formats File System Automount Point.
[[0;32m  OK  [0m] Set up automount Arbitrary Executab...ats File System Automount Point.
[   10.38027 sysemd[1]: Listening on udev Control Socket.

[[0;32m  OK  [0m] Listening on udev Control Socket.
[   10.473423] systemd[1]: Created slice System Slice.
[[0;32m  OK  [0m] Created slice System Slice.
[   10.489588] systemd[1]: Reached target Slices.
[[0;32m  OK  [0m] Reached target Slices.
[   10.496633] systemd[1]: Created slice system-serial\x2dgetty.slice.
[[0;32m  OK  [0m] Created slice system-serial\x2dgetty.slice.
[   10.525954] systemd[1] Listeing on Journal Socket.

[[0;32m  OK  [0m] Listening on Journal Socket.
[   10.597810] systemd[1]: Starting Create list of required static device nodes for the current kernel...
         Starting Create list of required st... nodes for the current kernel...
[   10.645412] systemd[1]: Mounting Huge Pages File System...
         Mounting Huge Pages File System...
[   10.669076] systemd[1]: Starting Load Kernel Modules...
         Starting Load Kernel Modules...
[   10.691632] systemd[1]: Mounting POSIX Message Queue File System...
         Mounting POSIX Message Queue File System...
[   10.699083] Loading iSCSI transport class v2.0-870.
[   10.700390] systemd[1]: Starting Uncomplicated firewall...
         Starting Uncomplicated firewall...
[   10.714095] systemd[1]: Starting Remount Root and Kernel File Systems...
         [   10.721356] EXT4-fs (sda1): re-mounted. Opts: (null)
Starting Remount Root and Kernel File Systems...
[   10.741189] systemd[1]: Starting Set console keymap...
         Starting Set console keymap...
[   10.747088] iscsi: registered transport (tcp)
[   10.747350] systemd[1]: Listening on /dev/initctl Compatibility Named Pipe.
[[0;32m  OK  [0m] Listening on /dev/initctl Compatibility Named Pipe.
[   10.798929] iscsi: registered transport (iser)
[   10.817249] systemd[1]: Starting Nameserver information manager...
         Starting Nameserver information manager...
[   10.831494] systemd[1]: Listening on Journal Socket (/dev/log).
[[0;32m  OK  [0m] Listening on Journal Socket (/dev/log).
[   10.843847] systemd[1]: Starting Journal Service...
[   10.850857] random: nonblocking pool is initialized
         Starting Journal Service...
[   10.862810] systemd[1]: Started Trigger resolvconf update for networkd DNS.
[[0;32m  OK  [0m] Started Trigger resolvconf update for networkd DNS.
[   10.905515] systemd[1]: Mounting Debug File System...
         Mounting Debug File System...
[   10.917075] systemd[1]: Started Forward Password Requests to Wall Directory Watch.
[[0;32m  OK  [0m] Started Forward Password Requests to Wall Directory Watch.
[   10.934312] systemd[1]: Listening on Device-mapper event daemon FIFOs.
[[0;32m  OK  [0m] Listening on Device-mapper event daemon FIFOs.
[   10.940721] systemd[1]: Starting Monitoring of LVM2 mirrors, snapshots etc. using dmeventd or progress polling...
         Starting Monitoring of LVM2 mirrors... dmeventd or progress polling...
[   10.972328] systemd[1]: Mounted Debug File System.
[[0;32m  OK  [0m] Mounted Debug File System.
[   10.984367] systemd[1]: Mounted Huge Pages File System.
[[0;32m  OK  [0m] Mounted Huge Pages File System.
[   11.009569] systemd[1]: Mounted POSIX Message Queue File System.
[[0;32m  OK  [0m] Mounted POSIX Message Queue File System.
[   11.029423] systemd[1]: Started Journal Service.
[[0;32m  OK  [0m] Started Journal Service.
[[0;32m  OK  [0m] Started Create list of required sta...ce nodes for the current kernel.
[[0;32m  OK  [0m] Started Load Kernel Modules.
[[0;32m  OK  [0m] Started Uncomplicated firewall.
[[0;32m  OK  [0m] Started Remount Root and Kernel File Systems.
[[0;32m  OK  [0m] Started Set console keymap.
[[0;32m  OK  [0m] Started Nameserver information manager.
[[0;32m  OK  [0m] Started LVM2 metadata daemon.
         Starting Load/Save Random Seed...
         Starting udev Coldplug all Devices...
         Starting Apply Kernel Variables...
         Mounting FUSE Control File System...
         Starting Create Static Device Nodes in /dev...
         Starting Flush Journal to Persistent Storage...
[[0;32m  OK  [0m] Mounted FUSE Control File System.
[[0;32m  OK  [0m] Started Load/Save Random Seed.
[[0;32m  OK  [0m] Started Create Static Device Nodes in /dev.
[[0;32m  OK  [0m] Started Apply Kernel Variables.
[[0;32m  OK  [0m] Started Flush Journal to Persistent Storage.
         Starting udev Kernel Device Manager...
[[0;32m  OK  [0m] Started udev Coldplug all Devices.
[[0;32m  OK  [0m] Started udev Kernel Device Manager.
[[0;32m  OK  [0m] Started Dispatch Password Requests to Console Directory Watch.
[[0;32m  OK  [0m] Found device /dev/ttyS0.
[[0;32m  OK  [0m] Listening on Load/Save RF Kill Switch Status /dev/rfkill Watch.
[[0;32m  OK  [0m] Started Monitoring of LVM2 mirrors,...ng dmeventd or progress polling.
[[0;32m  OK  [0m] Reached target Local File Systems (Pre).
[[0;32m  OK  [0m] Reached target Local File Systems.
         Starting Set console font and keymap...
         Starting Initial cloud-init job (pre-networking)...
         Starting Create Volatile Files and Directories...
         Starting Tell Plymouth To Write Out Runtime Data...
         Starting LSB: AppArmor initialization...
         Starting Commit a transient machine-id on disk...
[[0;32m  OK  [0m] Started Create Volatile Files and Directories.
[[0;32m  OK  [0m] Started Tell Plymouth To Write Out Runtime Data.
[[0;32m  OK  [0m] Started Commit a transient machine-id on disk.
         Starting Update UTMP about System Boot/Shutdown...
[[0;32m  OK  [0m] Started Update UTMP about System Boot/Shutdown.
[[0;32m  OK  [0m] Started Set console font and keymap.
[[0;32m  OK  [0m] Created slice system-getty.slice.
[   11.164525] cloud-init[610]: Cloud-init v. 18.3-9-g2e62cb8a-0ubuntu1~16.04.2 running 'init-local' at Fri, 14 Sep 2018 10:59:48 +0000. Up 10.77 seconds.
[[0;32m  OK  [0m] Started Initial cloud-init job (pre-networking).
[[0;32m  OK  [0m] Reached target Network (Pre).
[[0;32m  OK  [0m] Started LSB: AppArmor initialization.
         Starting Raise network interfaces...
[[0;32m  OK  [0m] Started Raise network interfaces.
[[0;32m  OK  [0m] Reached target Network.
         Starting Initial cloud-init job (metadata service crawler)...
[   12.632510] cloud-init[941]: Cloud-init v. 18.3-9-g2e62cb8a-0ubuntu1~16.04.2 running 'init' at Fri, 14 Sep 2018 10:59:49 +0000. Up 11.98 seconds.
[   12.649150] cloud-init[941]: ci-info: ++++++++++++++++++++++++++++++++++++++Net device info+++++++++++++++++++++++++++++++++++++++
[   12.654600] cloud-init[941]: ci-info: +--------+-------+----------------------------+---------------+--------+-------------------+
[   12.660515] cloud-init[941]: ci-info: | Device |   Up  |          Address           |      Mask     | Scope  |     Hw-Address    |
[   12.681468] cloud-init[941]: ci-info: +--------+-------+----------------------------+---------------+--------+-------------------+
[   12.707387] cloud-init[941]: ci-info: | enp0s3 |  True |         10.0.2.15          | 255.255.255.0 | global | 02:1d:76:b3:3c:fe |
[   12.725144] cloud-init[941]: ci-info: | enp0s3 |  True | fe80::1d:76ff:feb3:3cfe/64 |       .       |  link  | 02:1d:76:b3:3c:fe |
[   12.744788] cloud-init[941]: ci-info: | enp0s8 | False |             .              |       .       |   .    | 08:00:27:e2:e8:2b |
[   12.745535] cloud-init[941]: ci-info: |   lo   |  True |         127.0.0.1          |   255.0.0.0   |  host  |         .         |
[[0;32m  OK  [0m] Started Initial cloud-init job (metadata service crawler).
[   12.746272] cloud-init[941]: ci-info: |   lo   |  True |          ::1/128           |       .       |  host  |         .         |
[   12.921760] cloud-init[941]: ci-info: +--------+-------+----------------------------+---------------+--------+-------------------+
[[0;32m  OK  [0m] Reached target System Initialization.
[   12.922642] cloud-init[941]: ci-info: +++++++++++++++++++++++++++Route IPv4 info++++++++++++++++++++++++++++
[   13.001224] cloud-init[941]: ci-info: +-------+-------------+----------+---------------+-----------+-------+
[[0;32m  OK  [0m] Listening on UUID daemon activation socket.
[   13.003998] cloud-init[941]: ci-info: | Route | Destination | Gateway  |    Genmask    | Interface | Flags |
[   13.042398] cloud-init[941]: ci-info: +-------+-------------+----------+---------------+-----------+-------+
[   13.066329] cloud-init[941]: ci-info: |   0   |   0.0.0.0   | 10.0.2.2 |    0.0.0.0    |   enp0s3  |   UG  |
[   13.067009] cloud-init[941]: ci-info: |   1   |   10.0.2.0  | 0.0.0.0  | 255.255.255.0 |   enp0s3  |   U   |
         Starting Socket activation for snappy daemon.
[   13.067759] cloud-init[941]: ci-info: +-------+-------------+----------+---------------+-----------+-------+
[   13.198825] cloud-init[941]: ci-info: +++++++++++++++++++Route IPv6 info+++++++++++++++++++
[[   13.199348] [0;32m  OK  [0mcloud-init] [941]: Started ACPI Events Check.ci-info: +-------+-------------+---------+-----------+-------+

[[   13.200231] cloud-init[941]: ci-info: | Route | Destination | Gateway | Interface | Flags |
[   13.296717] cloud-init[941]: ci-info: +-------+-------------+---------+-----------+-------+
[0;32m  OK  [0m] Reached target Paths.
[   13.298024] cloud-init[941]: ci-info: |   0   |  fe80::/64  |    ::   |   enp0s3  |   U   |
[   13.347326] cloud-init[941]: ci-info: |   3   |   ff00::/8  |    ::   |   enp0s3  |   U   |
[   13.347857] cloud-init         [941]: Starting LXD - unix socket.ci-info: +-------+-------------+---------+-----------+-------+

[   13.372577] cloud-init[941]: Generating public/private rsa key pair.
[   13.373575] cloud-init[941]: [Your identification has been saved in /etc/ssh/ssh_host_rsa_key.[0;32m  OK  [0m
] Listening on ACPID Listen Socket.
[[   13.374640] cloud-init[941]: Your public key has been saved in /etc/ssh/ssh_host_rsa_key.pub.
[   13.435463] cloud-init[941]: The key fingerprint is:
[0;32m  OK  [0m[   13.439283] ] cloud-initStarted Daily apt download activities.[941]: 
SHA256:AxuE4X3CAKrCcMfZLfxS0STW5doe9AoESU21iaTpfu4 root@ubuntu-xenial
[[   13.439931] cloud-init[941]: The key's randomart image is:
[   13.494857] [0;32m  OK  [0m] Started Daily apt upgrade and clean activities.
cloud-init[941]: +---[RSA 2048]----+
[   13.518775] cloud-init[941]: |  ..oo..*B+oo    |
[   13.519509] cloud-init[941]: | . o.O o.B+o o   |
[[0;32m  OK  [0m] Started Daily Cleanup of Temporary Directories.
[   13.521146] cloud-init[941]: |o . = X * o =    |
[   13.552622] cloud-init[941]: |+. .   @ . + .   |
[[0;32m  OK  [0m] Reached target Timers.
[   13.553811] cloud-init[941]: |o.    o S o o .  |
[   13.563248] cloud-init[941]: |.      o . o o   |
[   13.563828] cloud-init[941]: |        . . o    |
[   13.565698] cloud-init[941]: |         o       |
[[0;32m  OK  [0m] Listening on D-Bus System Message Bus Socket.
[   13.567657] cloud-init[941]: |         .E      |
[   13.588716] cloud-init[941]: +----[SHA256]-----+
[   13.589846] cloud-init[941]: Generating public/private dsa key pair.
[[0;32m  OK  [0m] Reached target Cloud-config availability.
[[   13.593433] cloud-init[941]: Your identification has been saved in /etc/ssh/ssh_host_dsa_key.
[   13.663303] cloud-init[941]: Your public key has been saved in /etc/ssh/ssh_host_dsa_key.pub.
[   13.668975] cloud-init[941]: The key fingerprint is:
[0;32m  OK  [0m] Reached target Network is Online.
[   13.670241] cloud-init[941]: SHA256:Qu1KJadstVZ0dR9gAsTdCAs3JCjWRdzCrG2hQ7PefaE root@ubuntu-xenial
[   13.726154] cloud-init[941]: The key's randomart image is:
[   13.726668] cloud-init[941]: +---[DSA 1024]----+
[   13.729000] cloud-init[941]: |    . B==B=.++o..|
[   13.730138] cloud-init[941]: |   o = B++o+o. .o|         
Starting iSCSI initiator daemon (iscsid)...
[   13.731143] cloud-init[941]: |  . o O B..     .|
[   13.757533] cloud-init[941]: |     B X o .     |
[   13.758440] cloud-init[941]: |    . X S . .    |
[   13.760925] cloud-init[941]: |     + = E .     |
[   13.763302] cloud-init[941]: |      .   .      |
[[0;32m  OK  [0m] Listening on Socket activation for snappy daemon.
[   13.764232] cloud-init[941]: |                 |
[   13.791516] cloud-init[941]: |                 |
[   13.792676] cloud-init[941]: +----[SHA256]-----+
[   13.795230] [[0;32m  OK  [0m] Listening on LXD - unix socket.
cloud-init[941]: Generating public/private ecdsa key pair.
[   13.807308] cloud-init[941]: Your identification has been saved in /etc/ssh/ssh_host_ecdsa_key.
[[0;32m  OK  [0m] Reached target Sockets.
[[0;32m  OK  [0m] Reached target Basic System.
[   13.823975] cloud-init[941]: Your public key has been saved in /etc/ssh/ssh_host_ecdsa_key.pub.
[   13.833162] [[0;32m  OK  [0m] Started D-Bus System Message Bus.
cloud-init[941]: The key fingerprint is:
[   13.844656] cloud-init[941]: SHA256:bjndfKokXXGjXgF7GPxO/jeXJJqQNzq1Y3g4Az2qtbs root@ubuntu-xenial
[   13.864106] cloud-init[941]: The key's randomart image is:
[   13.870435] cloud-init[941]: +---[ECDSA 256]---+
[   13.877887] cloud-init[941]: |           .o    |
[   13.888940] cloud-init[941]: |            .=   |
[   13.895539] cloud-init[941]: |            +.=  |
[   13.902558] cloud-init[941]: |             =oo |
[   13.913748] cloud-init[941]: |        S . o+.  |
[   13.936746] [cloud-init[941]: |       o O O oo. |
[0;32m  OK  [0m] Started ACPI event daemon.
[   13.938874] cloud-init[941]: |       .O % O +..|
[   13.957379] cloud-init[941]: |      .o.@ B o o+|
[   13.973595]          Starting Login Service...
cloud-init[941]: [[0;32m  OK  [0m] Started Regular background program processing daemon.
         Starting LXD - container startup/shutdown...
[[0;32m  OK  [0m] Started Deferred execution scheduler.
|     ..Eo B.o   +|
[   13.985984] cloud-init[941]: +----[SHA256]-----+
         Starting Pollinate to seed the pseudo random number generator...
         Starting LSB: MD monitoring daemon...
[   13.990879] [[0;32m  OK  [0m] Started FUSE filesystem for LXC.
cloud-init         Starting Virtualbox guest utils...
[[0;32m  OK  [0m] Started Unattended Upgrades Shutdown.
         Starting LSB: Record successful boot for GRUB...
         Starting Accounts Service...
         Starting System Logging Service...
         Starting /etc/rc.local Compatibility...
         Starting Snappy daemon...
[[0;32m  OK  [0m] Started iSCSI initiator daemon (iscsid).
[[0;32m  OK  [0m] Started /etc/rc.local Compatibility.
[941]: Generating public/private ed25519 key pair.
[   14.087261] [[0;32m  OK  [0m] Started System Logging Service.
cloud-init[941]: Your identification has been saved in /etc/ssh/ssh_host_ed25519_key.
[   14.110405] cloud-init[941]: Your public key has been saved in /etc/ssh/ssh_host_ed25519_key.pub.
[   14.125545] cloud-init[941]: The key fingerprint is:
         Starting Login to default iSCSI targets...
[[0;32m  OK  [0m] Started LSB: MD monitoring daemon.
[[0;32m  OK  [0m] Started LXD - container startup/shutdown.
[[0;32m  OK  [0m] Started Virtualbox guest utils.
[[0;32m  OK  [0m] Started LSB: Record successful boot for GRUB.
[[0;32m  OK  [0m] Started Login Service.
[   14.141778] cloud-init[941]: SHA256:omUpozTT9TKynbYWTso7ihmrHKujwt9Y9oj7ruHG94c root@ubuntu-xenial
[   14.380731] cloud-init[941]: The key's randomart image is:
[   14.404565] cloud-init[941]: +--[ED25519 256]--+
[   14.405059] cloud-init[941]: |                 |
[[0;32m  OK  [0m] Started Login to default iSCSI targets.
[[0;32m  OK  [0m] Started Snappy daemon.
[   14.405949] cloud-init[941]: |                 |
[   14.467439]          cloud-initStarting Wait until snapd is fully seeded...[941]: 
|      .          |
[   14.492868] [[0;32m  OK  [0m] Reached target Remote File Systems (Pre).
cloud-init[941]: |   . . o         |
[[0;32m  OK  [0m] Reached target Remote File Systems.
[   14.495201] cloud-init[941]: |  + = B S        |
         Starting LSB: automatic crash report generation...
[   14.557752]          cloud-initStarting Permit User Sessions...[941]: 
| . + Xo=         |
[   14.606174]          cloud-initStarting LSB: daemon to balance interrupts for SMP systems...[941]: 
|o.ooo*+..        |
[   14.648299] cloud-init[941]: |+*+o@o=E .       |
[   14.648439] cloud-init[941]: |%++OBOoo.        |
[   14.649336] cloud-init[941]: +----[SHA256]-----+
         Starting LSB: Set the CPU Frequency Scaling governor to "ondemand"...
         Starting Authenticate and Authorize Users to Run Privileged Tasks...
[[0;32m  OK  [0m] Started Permit User Sessions.
[[0;32m  OK  [0m] Started Authenticate and Authorize Users to Run Privileged Tasks.
[[0;32m  OK  [0m] Started LSB: automatic crash report generation.
[[0;32m  OK  [0m] Started Accounts Service.
         Starting Hold until boot process finishes up...
         Starting Terminate Plymouth Boot Screen...
[[0;32m  OK  [0m] Started Pollinate to seed the pseudo random number generator.
[[0;32m  OK  [0m] Started LSB: daemon to balance interrupts for SMP systems.
[[0;32m  OK  [0m] Started LSB: Set the CPU Frequency Scaling governor to "ondemand".
[[0;32m  OK  [0m] Started Hold until boot process finishes up.
[[0;32m  OK  [0m] Started Terminate Plymouth Boot Screen.
[[0;32m  OK  [0m] Started Serial Getty on ttyS0.
[[0;32m  OK  [0m] Started Getty on tty1.
[[0;32m  OK  [0m] Reached target Login Prompts.
         Starting Set console scheme...
         Starting OpenBSD Secure Shell server...
[[0;32m  OK  [0m] Started Set console scheme.
[[0;32m  OK  [0m] Started OpenBSD Secure Shell server.
[[0;32m  OK  [0m] Created slice User Slice of vagrant.
         Starting User Manager for UID 1000...
[[0;32m  OK  [0m] Started Session 1 of user vagrant.
[[0;32m  OK  [0m] Started User Manager for UID 1000.
         Stopping User Manager for UID 1000...
[[0;32m  OK  [0m] Stopped User Manager for UID 1000.
[[0;32m  OK  [0m] Removed slice User Slice of vagrant.
[[0;32m  OK  [0m] Created slice User Slice of vagrant.
         Starting User Manager for UID 1000...
[[0;32m  OK  [0m] Started Session 2 of user vagrant.
[[0;32m  OK  [0m] Started User Manager for UID 1000.
[[0;32m  OK  [0m] Started Wait until snapd is fully seeded.
         Starting Apply the settings specified in cloud-config...
[[0;32m  OK  [0m] Reached target Multi-User System.
[[0;32m  OK  [0m] Reached target Graphical Interface.
         Starting Update UTMP about System Runlevel Changes...
[[0;32m  OK  [0m] Started Update UTMP about System Runlevel Changes.
[   18.909208] cloud-init[1517]: Generating locales (this might take a while)...
[   19.692334] cloud-init[1517]:   en_US.UTF-8... done
[   19.695031] cloud-init[1517]: Generation complete.
[   20.215881] cloud-init[1517]: Cloud-init v. 18.3-9-g2e62cb8a-0ubuntu1~16.04.2 running 'modules:config' at Fri, 14 Sep 2018 10:59:56 +0000. Up 18.78 seconds.
ci-info: no authorized ssh keys fingerprints found for user ubuntu.
<14>Sep 14 10:59:58 ec2: 
<14>Sep 14 10:59:58 ec2: #############################################################
<14>Sep 14 10:59:58 ec2: -----BEGIN SSH HOST KEY FINGERPRINTS-----
<14>Sep 14 10:59:58 ec2: 1024 SHA256:Qu1KJadstVZ0dR9gAsTdCAs3JCjWRdzCrG2hQ7PefaE root@ubuntu-xenial (DSA)
<14>Sep 14 10:59:58 ec2: 256 SHA256:bjndfKokXXGjXgF7GPxO/jeXJJqQNzq1Y3g4Az2qtbs root@ubuntu-xenial (ECDSA)
<14>Sep 14 10:59:58 ec2: 256 SHA256:omUpozTT9TKynbYWTso7ihmrHKujwt9Y9oj7ruHG94c root@ubuntu-xenial (ED25519)
<14>Sep 14 10:59:58 ec2: 2048 SHA256:AxuE4X3CAKrCcMfZLfxS0STW5doe9AoESU21iaTpfu4 root@ubuntu-xenial (RSA)
<14>Sep 14 10:59:58 ec2: -----END SSH HOST KEY FINGERPRINTS-----
<14>Sep 14 10:59:58 ec2: #############################################################
-----BEGIN SSH HOST KEY KEYS-----
ecdsa-sha2-nistp256 AAAAE2VjZHNhLXNoYTItbmlzdHAyNTYAAAAIbmlzdHAyNTYAAABBBBMD0L8oP8dH9QYb8hbLAui9NBFPqhoZU9uX+tvl8duqjBswX9Cepm3fkjDqtDKNUYKSEuQTvrJo+x1EvYwbdlk= root@ubuntu-xenial
ssh-ed25519 AAAAC3NzaC1lZDI1NTE5AAAAIIBlLZJwUBMq2MMj2c5cBoL3tx+yCGFX39408Rpw/IAT root@ubuntu-xenial
ssh-rsa AAAAB3NzaC1yc2EAAAADAQABAAABAQC8LfNWrFAeNcfWVrOFa1tseMx9rGPmFo1BHTnzXg5cdrsl/GUXIjwiXBFVISh60kuHc/NmDZ8owZJ4/Uy+bRI/TZLmvn8nNexMXfQmj1lZyULSy+uhomdEPaZ6Osopt0MD/f3oBO1CwOgEfIZUvcyFHPjhDJ2sbcjZGTMN9PUOTM5G8l5nv8meQJuHyrDsl9vj0xZG35SJO/Nsr7DlOK5PH8sOHadi7hF6csEOjFpt4Vw4jdnXrrZK/AvhcuqICA9zYeq4DkzlsZPtUSdnRyZYSKhd/3lVxyr6jpOf3aeZik51dzrN510WwgKkjaJErOHW5ubHA5hBtaOsZJKApCZ5 root@ubuntu-xenial
-----END SSH HOST KEY KEYS-----
[   20.670373] cloud-init[1565]: Cloud-init v. 18.3-9-g2e62cb8a-0ubuntu1~16.04.2 running 'modules:final' at Fri, 14 Sep 2018 10:59:58 +0000. Up 20.51 seconds.
[   20.670608] cloud-init[1565]: ci-info: no authorized ssh keys fingerprints found for user ubuntu.
[   20.670724] cloud-init[1565]: Cloud-init v. 18.3-9-g2e62cb8a-0ubuntu1~16.04.2 finished at Fri, 14 Sep 2018 10:59:58 +0000. Datasource DataSourceNoCloud [seed=/dev/sdb][dsmode=net].  Up 20.65 seconds

Ubuntu 16.04.5 LTS ubuntu-xenial ttyS0

ubuntu-xenial login: 